C:\Users\cluiz\projectx\Insurex\IAPR_Data\Services\AuditLogger.cs(45,17): error CS0117: 'AuditLogEntry' does not contain a definition for 'Timestamp' [C:\Users\cluiz\projectx\Insurex\IAPR_Data\IAPR_Data.csproj]
C:\Users\cluiz\projectx\Insurex\IAPR_Data\Services\CaseManager.cs(139,54): error CS7036: There is no argument given that corresponds to the required parameter 'connectionString' of 'ApplicationDbContext.Create(string)' [C:\Users\cluiz\projectx\Insurex\IAPR_Data\IAPR_Data.csproj]
C:\Users\cluiz\projectx\Insurex\IAPR_Data\Services\CaseManager.cs(208,50): error CS7036: There is no argument given that corresponds to the required parameter 'connectionString' of 'ApplicationDbContext.Create(string)' [C:\Users\cluiz\projectx\Insurex\IAPR_Data\IAPR_Data.csproj]
C:\Users\cluiz\projectx\Insurex\IAPR_Data\Services\NotificationService.cs(172,32): error CS0234: The type or namespace name 'Hosting' does not exist in the namespace 'System.Web' (are you missing an assembly reference?) [C:\Users\cluiz\projectx\Insurex\IAPR_Data\IAPR_Data.csproj]
C:\Users\cluiz\projectx\Insurex\IAPR_Data\Classes\TenantContext.cs(24,27): error CS0103: The name 'HttpContext' does not exist in the current context [C:\Users\cluiz\projectx\Insurex\IAPR_Data\IAPR_Data.csproj]
C:\Users\cluiz\projectx\Insurex\IAPR_Data\Classes\TenantContext.cs(52,27): error CS0103: The name 'HttpContext' does not exist in the current context [C:\Users\cluiz\projectx\Insurex\IAPR_Data\IAPR_Data.csproj]
C:\Users\cluiz\projectx\Insurex\IAPR_Data\Services\OAuth2TokenService.cs(37,50): error CS7036: There is no argument given that corresponds to the required parameter 'connectionString' of 'ApplicationDbContext.Create(string)' [C:\Users\cluiz\projectx\Insurex\IAPR_Data\IAPR_Data.csproj]
C:\Users\cluiz\projectx\Insurex\IAPR_Data\Services\OutboxPublisher.cs(87,50): error CS7036: There is no argument given that corresponds to the required parameter 'connectionString' of 'ApplicationDbContext.Create(string)' [C:\Users\cluiz\projectx\Insurex\IAPR_Data\IAPR_Data.csproj]
C:\Users\cluiz\projectx\Insurex\IAPR_Data\Services\ComplianceEngine.cs(239,31): error CS1061: 'Policy' does not contain a definition for 'AssetId' and no accessible extension method 'AssetId' accepting a first argument of type 'Policy' could be found (are you missing a using directive or an assembly reference?) [C:\Users\cluiz\projectx\Insurex\IAPR_Data\IAPR_Data.csproj]
C:\Users\cluiz\projectx\Insurex\IAPR_Data\Services\ComplianceEngine.cs(239,56): error CS1061: 'Policy' does not contain a definition for 'Status' and no accessible extension method 'Status' accepting a first argument of type 'Policy' could be found (are you missing a using directive or an assembly reference?) [C:\Users\cluiz\projectx\Insurex\IAPR_Data\IAPR_Data.csproj]
C:\Users\cluiz\projectx\Insurex\IAPR_Data\Services\OAuth2TokenService.cs(97,50): error CS7036: There is no argument given that corresponds to the required parameter 'connectionString' of 'ApplicationDbContext.Create(string)' [C:\Users\cluiz\projectx\Insurex\IAPR_Data\IAPR_Data.csproj]
C:\Users\cluiz\projectx\Insurex\IAPR_Data\Classes\Common\Common.cs(13,20): error CS0103: The name 'SqlHelper' does not exist in the current context [C:\Users\cluiz\projectx\Insurex\IAPR_Data\IAPR_Data.csproj]
C:\Users\cluiz\projectx\Insurex\IAPR_Data\Providers\User_Provider.cs(67,38): error CS0103: The name 'HttpContext' does not exist in the current context [C:\Users\cluiz\projectx\Insurex\IAPR_Data\IAPR_Data.csproj]
C:\Users\cluiz\projectx\Insurex\IAPR_Data\Providers\User_Provider.cs(109,40): error CS7036: There is no argument given that corresponds to the required parameter 'options' of 'ApplicationDbContext.ApplicationDbContext(DbContextOptions<ApplicationDbContext>)' [C:\Users\cluiz\projectx\Insurex\IAPR_Data\IAPR_Data.csproj]
C:\Users\cluiz\projectx\Insurex\IAPR_Data\Providers\User_Provider.cs(111,37): error CS0246: The type or namespace name 'UserStore<>' could not be found (are you missing a using directive or an assembly reference?) [C:\Users\cluiz\projectx\Insurex\IAPR_Data\IAPR_Data.csproj]
C:\Users\cluiz\projectx\Insurex\IAPR_Data\Providers\User_Provider.cs(112,46): error CS7036: There is no argument given that corresponds to the required parameter 'optionsAccessor' of 'UserManager<ApplicationUser>.UserManager(IUserStore<ApplicationUser>, IOptions<IdentityOptions>, IPasswordHasher<ApplicationUser>, IEnumerable<IUserValidator<ApplicationUser>>, IEnumerable<IPasswordValidator<ApplicationUser>>, ILookupNormalizer, IdentityErrorDescriber, IServiceProvider, ILogger<UserManager<ApplicationUser>>)' [C:\Users\cluiz\projectx\Insurex\IAPR_Data\IAPR_Data.csproj]
C:\Users\cluiz\projectx\Insurex\IAPR_Data\Providers\User_Provider.cs(114,44): error CS1061: 'UserManager<ApplicationUser>' does not contain a definition for 'Find' and no accessible extension method 'Find' accepting a first argument of type 'UserManager<ApplicationUser>' could be found (are you missing a using directive or an assembly reference?) [C:\Users\cluiz\projectx\Insurex\IAPR_Data\IAPR_Data.csproj]
C:\Users\cluiz\projectx\Insurex\IAPR_Data\Providers\User_Provider.cs(169,40): error CS7036: There is no argument given that corresponds to the required parameter 'options' of 'ApplicationDbContext.ApplicationDbContext(DbContextOptions<ApplicationDbContext>)' [C:\Users\cluiz\projectx\Insurex\IAPR_Data\IAPR_Data.csproj]
C:\Users\cluiz\projectx\Insurex\IAPR_Data\Providers\User_Provider.cs(171,37): error CS0246: The type or namespace name 'UserStore<>' could not be found (are you missing a using directive or an assembly reference?) [C:\Users\cluiz\projectx\Insurex\IAPR_Data\IAPR_Data.csproj]
C:\Users\cluiz\projectx\Insurex\IAPR_Data\Providers\User_Provider.cs(172,46): error CS7036: There is no argument given that corresponds to the required parameter 'optionsAccessor' of 'UserManager<ApplicationUser>.UserManager(IUserStore<ApplicationUser>, IOptions<IdentityOptions>, IPasswordHasher<ApplicationUser>, IEnumerable<IUserValidator<ApplicationUser>>, IEnumerable<IPasswordValidator<ApplicationUser>>, ILookupNormalizer, IdentityErrorDescriber, IServiceProvider, ILogger<UserManager<ApplicationUser>>)' [C:\Users\cluiz\projectx\Insurex\IAPR_Data\IAPR_Data.csproj]
C:\Users\cluiz\projectx\Insurex\IAPR_Data\Providers\User_Provider.cs(174,44): error CS1061: 'UserManager<ApplicationUser>' does not contain a definition for 'FindByName' and no accessible extension method 'FindByName' accepting a first argument of type 'UserManager<ApplicationUser>' could be found (are you missing a using directive or an assembly reference?) [C:\Users\cluiz\projectx\Insurex\IAPR_Data\IAPR_Data.csproj]
C:\Users\cluiz\projectx\Insurex\IAPR_Data\Providers\User_Provider.cs(177,37): error CS1061: 'UserManager<ApplicationUser>' does not contain a definition for 'RemovePassword' and no accessible extension method 'RemovePassword' accepting a first argument of type 'UserManager<ApplicationUser>' could be found (are you missing a using directive or an assembly reference?) [C:\Users\cluiz\projectx\Insurex\IAPR_Data\IAPR_Data.csproj]
C:\Users\cluiz\projectx\Insurex\IAPR_Data\Providers\User_Provider.cs(178,50): error CS1061: 'UserManager<ApplicationUser>' does not contain a definition for 'AddPassword' and no accessible extension method 'AddPassword' accepting a first argument of type 'UserManager<ApplicationUser>' could be found (are you missing a using directive or an assembly reference?) [C:\Users\cluiz\projectx\Insurex\IAPR_Data\IAPR_Data.csproj]
C:\Users\cluiz\projectx\Insurex\IAPR_Data\Providers\jsonValidator_Provider.cs(433,32): error CS0234: The type or namespace name 'Hosting' does not exist in the namespace 'System.Web' (are you missing an assembly reference?) [C:\Users\cluiz\projectx\Insurex\IAPR_Data\IAPR_Data.csproj]
C:\Users\cluiz\projectx\Insurex\IAPR_Data\Providers\jsonValidator_Provider.cs(436,32): error CS0234: The type or namespace name 'Hosting' does not exist in the namespace 'System.Web' (are you missing an assembly reference?) [C:\Users\cluiz\projectx\Insurex\IAPR_Data\IAPR_Data.csproj]
C:\Users\cluiz\projectx\Insurex\IAPR_Data\Providers\jsonValidator_Provider.cs(439,32): error CS0234: The type or namespace name 'Hosting' does not exist in the namespace 'System.Web' (are you missing an assembly reference?) [C:\Users\cluiz\projectx\Insurex\IAPR_Data\IAPR_Data.csproj]
C:\Users\cluiz\projectx\Insurex\IAPR_Data\Providers\jsonValidator_Provider.cs(442,32): error CS0234: The type or namespace name 'Hosting' does not exist in the namespace 'System.Web' (are you missing an assembly reference?) [C:\Users\cluiz\projectx\Insurex\IAPR_Data\IAPR_Data.csproj]
C:\Users\cluiz\projectx\Insurex\IAPR_Data\Providers\jsonValidator_Provider.cs(445,32): error CS0234: The type or namespace name 'Hosting' does not exist in the namespace 'System.Web' (are you missing an assembly reference?) [C:\Users\cluiz\projectx\Insurex\IAPR_Data\IAPR_Data.csproj]
C:\Users\cluiz\projectx\Insurex\IAPR_Data\Providers\jsonValidator_Provider.cs(449,32): error CS0234: The type or namespace name 'Hosting' does not exist in the namespace 'System.Web' (are you missing an assembly reference?) [C:\Users\cluiz\projectx\Insurex\IAPR_Data\IAPR_Data.csproj]
C:\Users\cluiz\projectx\Insurex\IAPR_Data\Providers\jsonValidator_Provider.cs(452,32): error CS0234: The type or namespace name 'Hosting' does not exist in the namespace 'System.Web' (are you missing an assembly reference?) [C:\Users\cluiz\projectx\Insurex\IAPR_Data\IAPR_Data.csproj]
C:\Users\cluiz\projectx\Insurex\IAPR_Data\Providers\Notification_Provider.cs(369,71): error CS0234: The type or namespace name 'Hosting' does not exist in the namespace 'System.Web' (are you missing an assembly reference?) [C:\Users\cluiz\projectx\Insurex\IAPR_Data\IAPR_Data.csproj]
C:\Users\cluiz\projectx\Insurex\IAPR_Data\Providers\Notification_Provider.cs(377,71): error CS0234: The type or namespace name 'Hosting' does not exist in the namespace 'System.Web' (are you missing an assembly reference?) [C:\Users\cluiz\projectx\Insurex\IAPR_Data\IAPR_Data.csproj]
C:\Users\cluiz\projectx\Insurex\IAPR_Data\Providers\Notification_Provider.cs(385,71): error CS0234: The type or namespace name 'Hosting' does not exist in the namespace 'System.Web' (are you missing an assembly reference?) [C:\Users\cluiz\projectx\Insurex\IAPR_Data\IAPR_Data.csproj]
C:\Users\cluiz\projectx\Insurex\IAPR_Data\Providers\Notification_Provider.cs(394,71): error CS0234: The type or namespace name 'Hosting' does not exist in the namespace 'System.Web' (are you missing an assembly reference?) [C:\Users\cluiz\projectx\Insurex\IAPR_Data\IAPR_Data.csproj]
C:\Users\cluiz\projectx\Insurex\IAPR_Data\Providers\Notification_Provider.cs(402,71): error CS0234: The type or namespace name 'Hosting' does not exist in the namespace 'System.Web' (are you missing an assembly reference?) [C:\Users\cluiz\projectx\Insurex\IAPR_Data\IAPR_Data.csproj]
C:\Users\cluiz\projectx\Insurex\IAPR_Data\Providers\Notification_Provider.cs(410,71): error CS0234: The type or namespace name 'Hosting' does not exist in the namespace 'System.Web' (are you missing an assembly reference?) [C:\Users\cluiz\projectx\Insurex\IAPR_Data\IAPR_Data.csproj]
C:\Users\cluiz\projectx\Insurex\IAPR_Data\Providers\Notification_Provider.cs(424,71): error CS0234: The type or namespace name 'Hosting' does not exist in the namespace 'System.Web' (are you missing an assembly reference?) [C:\Users\cluiz\projectx\Insurex\IAPR_Data\IAPR_Data.csproj]
C:\Users\cluiz\projectx\Insurex\IAPR_Data\Providers\Notification_Provider.cs(431,71): error CS0234: The type or namespace name 'Hosting' does not exist in the namespace 'System.Web' (are you missing an assembly reference?) [C:\Users\cluiz\projectx\Insurex\IAPR_Data\IAPR_Data.csproj]
C:\Users\cluiz\projectx\Insurex\IAPR_Data\Providers\Notification_Provider.cs(438,71): error CS0234: The type or namespace name 'Hosting' does not exist in the namespace 'System.Web' (are you missing an assembly reference?) [C:\Users\cluiz\projectx\Insurex\IAPR_Data\IAPR_Data.csproj]
C:\Users\cluiz\projectx\Insurex\IAPR_Data\Providers\Notification_Provider.cs(445,71): error CS0234: The type or namespace name 'Hosting' does not exist in the namespace 'System.Web' (are you missing an assembly reference?) [C:\Users\cluiz\projectx\Insurex\IAPR_Data\IAPR_Data.csproj]
C:\Users\cluiz\projectx\Insurex\IAPR_Data\Providers\Notification_Provider.cs(451,71): error CS0234: The type or namespace name 'Hosting' does not exist in the namespace 'System.Web' (are you missing an assembly reference?) [C:\Users\cluiz\projectx\Insurex\IAPR_Data\IAPR_Data.csproj]
C:\Users\cluiz\projectx\Insurex\IAPR_Data\Providers\Notification_Provider.cs(457,71): error CS0234: The type or namespace name 'Hosting' does not exist in the namespace 'System.Web' (are you missing an assembly reference?) [C:\Users\cluiz\projectx\Insurex\IAPR_Data\IAPR_Data.csproj]
C:\Users\cluiz\projectx\Insurex\IAPR_Data\Providers\Notification_Provider.cs(463,71): error CS0234: The type or namespace name 'Hosting' does not exist in the namespace 'System.Web' (are you missing an assembly reference?) [C:\Users\cluiz\projectx\Insurex\IAPR_Data\IAPR_Data.csproj]
C:\Users\cluiz\projectx\Insurex\IAPR_Data\Providers\Notification_Provider.cs(470,71): error CS0234: The type or namespace name 'Hosting' does not exist in the namespace 'System.Web' (are you missing an assembly reference?) [C:\Users\cluiz\projectx\Insurex\IAPR_Data\IAPR_Data.csproj]

Build FAILED.
    724 Warning(s)
    44 Error(s)

Time Elapsed 00:00:04.35
